C51 COMPILER V9.01   MAIN                                                                  01/07/2019 16:31:18 PAGE 1   


C51 COMPILER V9.01, COMPILATION OF MODULE MAIN
OBJECT MODULE PLACED IN main.OBJ
COMPILER INVOKED BY: C:\Keil\C51\BIN\C51.EXE main.c COMPACT BROWSE DEBUG OBJECTEXTEND

line level    source

   1          #include <reg52.h>
   2          #include <lcd.h>
   3          #include <i2c.h>
   4          #include <main.h>
   5          #include <rc522.h>
   6          #include <ir.h>
   7          #include <ds1302.h>
   8          #define uchar unsigned char 
   9          #define uint  unsigned int      
  10          #define GPIO_KEY P1    
  11          sbit beep = P1^5;
  12          sbit relay = P3^1;    
  13          unsigned char KeyValue;
  14          unsigned char KeyState;
  15          typedef unsigned char INT8U;
  16          unsigned char dat[]="0123456789S0QU00D00T00A";
  17          uchar dis0[]="    Welcome    ";
  18          uchar dis5[]="  Please Input ";
  19          INT8U KEY_BUF[6]={'0','0','0','0','0','0'};
  20          INT8U Test_BUF[6];
  21          int i,num;
  22          
  23          u8 UID[5],Temp[4];
  24          u8 data1[16] = {0x00,0x00,0x00,0x00,0x00,0x00,0x00,0x00,
  25                                          0x00,0x00,0x00,0x00,0x00,0x00,0x00,0x01};
  26          u8 data2[16] = {0x00,0x00,0x00,0x00,0x00,0x00,0x00,0x00,
  27                                          0x00,0x00,0x00,0x00,0x00,0x00,0x00,0x02};
  28                                          
  29          u8 data_buff[16] = {0};
  30          u8 code DefaultKey[6] = {0xFF, 0xFF, 0xFF, 0xFF, 0xFF, 0xFF};
  31          extern u8 gIrCode[5];
  32          void relay_ON();
  33          void Delay10ms();   
  34          void KeyDown();
  35          void LcdDisplay();               
  36          void show();
  37          void beep1(); 
  38          void Passwordinit(){
  39   1        for(i = 0;i<6;i++)
  40   1        {
  41   2          At24c02Write(i+1,'0');
  42   2          Delay10ms(); 
  43   2        }
  44   1      }
  45          
  46          void main(void)
  47          {
  48   1          
  49   1          uchar key_count;
  50   1          INT8U table[6]="------",
  51   1                table2[6]="------";
  52   1          u8 status = 0;
  53   1              u8 flag = 1;
  54   1              relay = 1;
  55   1              LcdInit();
C51 COMPILER V9.01   MAIN                                                                  01/07/2019 16:31:18 PAGE 2   

  56   1              IrInit();
  57   1              Ds1302Init();
  58   1        //Passwordinit();
  59   1          SysInit();
  60   1              KeyState=0;
  61   1      
  62   1          while(1)
  63   1          {
  64   2              
  65   2                  if (gIrCode[4]==0x45) 
  66   2                       {
  67   3                          beep1();
  68   3                              LcdWriteCom(0x01);
  69   3                              show();
  70   3                              relay_ON();                                      
  71   3                              for(i=0;i<5;i++)
  72   3                              gIrCode[i]=0;
  73   3                      }
  74   2              for(i = 0;i<6;i++)
  75   2               {
  76   3                KEY_BUF[i]=At24c02Read(i+1); 
  77   3               }
  78   2                       
  79   2              KeyDown();
  80   2              if(KeyState)
  81   2              {
  82   3                   KeyState=0;
  83   3                   switch(dat[KeyValue])
  84   3                  {
  85   4                   case '1': LcdWriteCom(0x01);  
  86   4                             LcdWrite_Row_Data(1,0,dis5);
  87   4                             KeyState=0;
  88   4                             key_count=0;
  89   4                             while(1)
  90   4                             { 
  91   5                              KeyDown();
  92   5                              if(KeyState)
  93   5                              {
  94   6                                 KeyState=0; 
  95   6      
  96   6                                if(dat[KeyValue]>= '0' && dat[KeyValue]<='9')
  97   6                                {
  98   7                                  beep1();
  99   7                                  table[key_count++]=dat[KeyValue];
 100   7                                  LcdWrite_Row_Data(2,key_count,"*");
 101   7                                }
 102   6                                if(dat[KeyValue] == 'T')
 103   6                                {
 104   7                                  beep1();
 105   7                                  table[--key_count]='-';
 106   7                                  LcdWrite_Row_Data(2,key_count+1," ");
 107   7                                }
 108   6                                 if(key_count==6 && dat[KeyValue] == 'S')
 109   6                                 {
 110   7                                 if( table[0]==KEY_BUF[0] &&
 111   7                                     table[1]==KEY_BUF[1] &&
 112   7                                     table[2]==KEY_BUF[2] &&
 113   7                                     table[3]==KEY_BUF[3] &&
 114   7                                     table[4]==KEY_BUF[4] &&
 115   7                                     table[5]==KEY_BUF[5]  )
 116   7                      
 117   7                                   {   LcdWriteCom(0x01);
C51 COMPILER V9.01   MAIN                                                                  01/07/2019 16:31:18 PAGE 3   

 118   8                                       show();
 119   8                                                                       beep1();
 120   8                                                                       relay_ON();
 121   8                                                                       
 122   8                                       break;  
 123   8                                   }else{    
 124   8                                       beep1();
 125   8                                       beep1();
 126   8                                       LcdWriteCom(0x01);
 127   8                                       LcdWrite_Row_Data(1,0," PassWord ERROR  ");
 128   8                                       break;
 129   8                                         }  
 130   7                                   break; 
 131   7                                  }
 132   6                              }
 133   5                             }
 134   4                             break;
 135   4                   case '2': LcdWriteCom(0x01);
 136   4                             LcdWrite_Row_Data(1,0," Ori PassWord ");
 137   4                             KeyState=0;
 138   4                             key_count=0;
 139   4                             while(1)
 140   4                             { 
 141   5                              KeyDown();
 142   5                              if(KeyState)
 143   5                              {
 144   6                                 KeyState=0;
 145   6                                  if(dat[KeyValue]>= '0' && dat[KeyValue]<='9')
 146   6                                {
 147   7                                  beep1();
 148   7                                  table[key_count++]=dat[KeyValue];
 149   7                                  LcdWrite_Row_Data(2,key_count,"*");
 150   7                                }
 151   6                                if(dat[KeyValue] == 'T')
 152   6                                {
 153   7                                  beep1();
 154   7                                  table[--key_count]='-';
 155   7                                  LcdWrite_Row_Data(2,key_count+1," ");
 156   7                                }
 157   6                                if(key_count==6 && dat[KeyValue] == 'S')
 158   6                                 {  
 159   7                                  if( table[0]==KEY_BUF[0] &&
 160   7                                      table[1]==KEY_BUF[1] &&
 161   7                                      table[2]==KEY_BUF[2] &&
 162   7                                      table[3]==KEY_BUF[3] &&
 163   7                                      table[4]==KEY_BUF[4] &&
 164   7                                      table[5]==KEY_BUF[5]  )
 165   7                      
 166   7                                     {   //New Password
 167   8                                         LcdWriteCom(0x01);
 168   8                                         LcdWrite_Row_Data(1,0," New PassWord ");
 169   8                                         KeyState=0;
 170   8                                         key_count=0;
 171   8                                         while(1)
 172   8                                         { 
 173   9                                          KeyDown();
 174   9                                          if(KeyState)
 175   9                                           {
 176  10                                            KeyState=0;
 177  10                                            if(dat[KeyValue]>= '0' && dat[KeyValue]<='9')
 178  10                                              {
 179  11                                               beep1();
C51 COMPILER V9.01   MAIN                                                                  01/07/2019 16:31:18 PAGE 4   

 180  11                                               table2[key_count++]=dat[KeyValue];
 181  11                                               LcdWrite_Row_Data(2,key_count,"*");
 182  11                                              }
 183  10                                            if(dat[KeyValue] == 'T')
 184  10                                              {
 185  11                                               beep1();
 186  11                                               table2[--key_count]='-';
 187  11                                               LcdWrite_Row_Data(2,key_count+1," ");
 188  11                                              }
 189  10                                            if(key_count==6 && dat[KeyValue] == 'S')
 190  10                                              {
 191  11                                               for(i=0;i<6;i++)
 192  11                                                  KEY_BUF[i]=table2[i];
 193  11                                                beep1();
 194  11                                                LcdWriteCom(0x01);
 195  11                                                LcdWrite_Row_Data(1,0," RESET SUCCESS ");
 196  11                                               //writer to eeprom
 197  11                                                                                       
 198  11                                                for(i = 0;i<6;i++)
 199  11                                                  {
 200  12                                                    At24c02Write(i+1,KEY_BUF[i]);
 201  12                                                    Delay10ms(); 
 202  12                                                  }
 203  11                                                                                      
 204  11      
 205  11                                                beep1();
 206  11                                               break; 
 207  11                                              }
 208  10                                           }
 209   9                                         }
 210   8                               break; }else{
 211   8                                            beep1();
 212   8                                            LcdWriteCom(0x01);
 213   8                                            LcdWrite_Row_Data(1,0," PassWord ERROR  ");
 214   8                                            break;
 215   8                                            }
 216   7                              }
 217   6                              }
 218   5                              } 
 219   4                             break;
 220   4                   case '3': LcdWriteCom(0x01);
 221   4                             LcdWrite_Row_Data(1,0," 1.IC InPut   ");
 222   4                             LcdWrite_Row_Data(2,0," 2.Add New Cad");
 223   4                                                 KeyState=0;
 224   4                                                 while(1)
 225   4                             {
 226   5                              KeyDown();
 227   5                              if(KeyState)
 228   5                              {
 229   6                                KeyState=0;
 230   6                                switch(dat[KeyValue]){
 231   7                                case '1':LcdWriteCom(0x01);
 232   7                                                                 while(flag ==1 )
 233   7                                                                      {   LcdWrite_Row_Data(1,0," IC CARD:   ");
 234   8                                         if (PcdRequest(0x52, Temp) == MI_OK) //寻卡，成功后Temp数组为卡类
 235   8                                                                              {
 236   9                                                                                      if (PcdAnticoll(UID) == MI_OK)//防冲突，UID数组数据为卡序列号
 237   9                                                                                      {        
 238  10                                                                                              status = PcdSelect(UID);//选定卡片
 239  10                                                                                              if(status != MI_OK)
 240  10                                                                                                      continue;
 241  10                                              
C51 COMPILER V9.01   MAIN                                                                  01/07/2019 16:31:18 PAGE 5   

 242  10                                                                                              status = PcdAuthState(PICC_AUTHENT1A, 1, DefaultKey, UID);//验证卡片密码
 243  10                                                                                              if(status != MI_OK)
 244  10                                                                                                      continue;
 245  10                                              
 246  10                                                                                              status = PcdRead(1, data_buff); //读块，读出钱包里的金额
 247  10                                                                                              if(status != MI_OK)
 248  10                                                                                                      continue;
 249  10                                                                      
 250  10                                                                                      if (data1[15]!=data_buff[15] && data2[15]!=data_buff[15]) 
 251  10                                                                                           {
 252  11                                                                                                 beep1();
 253  11                                                                                                 beep1();
 254  11                                                                                                 for(i=0;i<50;i++)
 255  11                                                                                                 LcdWrite_Row_Data(2,0,"  Wrong Card  ");
 256  11                                                                                                 
 257  11                                                                                                 return;
 258  11                                                                                                
 259  11                                                                                               }
 260  10                                                                                      if (data1[15]==data_buff[15]  ) 
 261  10                                                                                           {
 262  11                                                                                                 beep1();
 263  11                                                                                                 relay_ON();
 264  11                                                                                                 for(i=0;i<25;i++)
 265  11                                                                                                 LcdWrite_Row_Data(2,0," 001   ");
 266  11                                                                                                 
 267  11                                                                                                 delay1ms(1000);
 268  11                                                                                                 flag=0;
 269  11                                                                                               }
 270  10                                                                                      if ( data2[15]==data_buff[15] ) 
 271  10                                                                                           {  
 272  11                                                                                                 beep1();
 273  11                                                                                                 relay_ON();
 274  11                                                                                                 for(i=0;i<25;i++)
 275  11                                                                                                 LcdWrite_Row_Data(2,0," 002   ");
 276  11                                                                                                 
 277  11                                                                                                 delay1ms(1000);
 278  11                                                                                                 flag=0;
 279  11                                                                                               }
 280  10                                                                                              if(status != MI_OK)
 281  10                                                                                                      continue;
 282  10                                                                                              delay1ms(500);
 283  10                                                                                      }       
 284   9                                                                              }
 285   8                                                                      }       flag =1;
 286   7                                         break;
 287   7                               case '2':LcdWriteCom(0x01);
 288   7                                                                
 289   7                                                                LcdWrite_Row_Data(1,0," 2.Add New Cad");
 290   7                                        if (PcdRequest(0x52, Temp) == MI_OK)  // 寻卡，成功后Temp数组为卡类型
 291   7                                                                              {  
 292   8                                                                                      if (PcdAnticoll(UID) == MI_OK)          // 防冲突，UID数组数据为卡序列号
 293   8                                                                                      {
 294   9                                                                                              
 295   9                                                                                              status = PcdSelect(UID);                //选定卡片
 296   9                                                                                              if(status != MI_OK)
 297   9                                                                                                      continue;          
 298   9                                                                                                       
 299   9                                                                                              status = PcdAuthState(PICC_AUTHENT1A, 1, DefaultKey, UID);      //验证卡片密码
 300   9                                                                                              if(status != MI_OK)
 301   9                                                                                                      continue;   
 302   9                                                                                                        
 303   9                                                                                              status = PcdWrite(1, data2);    // 写块，相当于初始化钱包金额
C51 COMPILER V9.01   MAIN                                                                  01/07/2019 16:31:18 PAGE 6   

 304   9                                                                                              if(status != MI_OK)
 305   9                                                                                                      continue;                  
 306   9                                                                                              delay1ms(500);
 307   9                                                                                      }
 308   8                                                                               }
 309   7                            
 310   7                                        break;
 311   7                               default: break;}
 312   6                              }
 313   5                             }
 314   4                             break;
 315   4                   case '4': LcdWriteCom(0x01);
 316   4                             for(i = 0;i<6;i++)
 317   4                             {
 318   5                             Test_BUF[i]=At24c02Read(i+1); 
 319   5                             }
 320   4                             LcdWrite_Row_Data(1,0,Test_BUF);
 321   4                             LcdWrite_Row_Data(2,0,KEY_BUF);break;
 322   4                   case 'D': LcdWriteCom(0x01); 
 323   4                             LcdWrite_Row_Data(1,0,"3.IC Input     ");
 324   4                             //LcdWrite_Row_Data(2,0,"4.Face ID      ");
 325   4                                                 beep1();
 326   4                             break;
 327   4                   case 'U': LcdWriteCom(0x01);  
 328   4                             LcdWrite_Row_Data(1,0,"1.PassWord     ");
 329   4                             LcdWrite_Row_Data(2,0,"2.Modify PW    ");
 330   4                                                 beep1();
 331   4                             break;
 332   4                   case 'A': beep1();
 333   4                             LcdWriteCom(0x01);
 334   4                                                 while(1)
 335   4                                                 {
 336   5                                                 KeyState=0;
 337   5                             KeyDown();
 338   5                              if(KeyState)
 339   5                              {
 340   6                                 KeyState=0; 
 341   6                                                         if(dat[KeyValue]!='A')       break;
 342   6                                                      }
 343   5                                                 Ds1302ReadTime();
 344   5                                                 LcdDisplay();    
 345   5                                                 } 
 346   4                             break;
 347   4                   default: beep1();break;
 348   4                  }
 349   3              }
 350   2          }
 351   1      }
 352          
 353          void  beep1()    
 354          {         
 355   1          unsigned int i,j;
 356   1          for(i=0;i<600;i++)
 357   1          {
 358   2            for(j=80;j>0;j--);      
 359   2            beep=~beep;
 360   2          }
 361   1      }
 362          
 363          void show()
 364          {
 365   1          LcdWrite_Row_Data(1,0,dis0);
C51 COMPILER V9.01   MAIN                                                                  01/07/2019 16:31:18 PAGE 7   

 366   1      }
 367          
 368          
 369          
 370          
 371          void Delay10ms()  
 372          {
 373   1          unsigned char a,b,c;
 374   1          for(c=1;c>0;c--)
 375   1              for(b=38;b>0;b--)
 376   1                  for(a=130;a>0;a--);
 377   1      }
 378          
 379          void KeyDown(void)
 380          {
 381   1          char a;
 382   1          GPIO_KEY=0x0f;
 383   1          if(GPIO_KEY!=0x0f)
 384   1          {
 385   2              Delay10ms();
 386   2              if(GPIO_KEY!=0x0f)
 387   2              {
 388   3                  KeyState=1;
 389   3      
 390   3                  GPIO_KEY=0X0F;
 391   3      //          Delay10ms();
 392   3                  switch(GPIO_KEY)
 393   3                  {
 394   4                      case(0X07): KeyValue=1;break;
 395   4                      case(0X0b): KeyValue=2;break;
 396   4                      case(0X0d): KeyValue=3;break;
 397   4                      case(0X0e): KeyValue=13;break;
 398   4      //          
 399   4                  }
 400   3      
 401   3                  GPIO_KEY=0XF0;
 402   3                  Delay10ms();
 403   3                  switch(GPIO_KEY)
 404   3                  {
 405   4                      case(0X70): KeyValue=KeyValue;break;
 406   4                      case(0Xb0): KeyValue=KeyValue+3;break;
 407   4                      case(0Xd0): KeyValue=KeyValue+6;break;
 408   4                      case(0Xe0): KeyValue=KeyValue+9;break;
 409   4      //           
 410   4                  }
 411   3                  while((a<50)&&(GPIO_KEY!=0xf0)) 
 412   3                  {
 413   4                      Delay10ms();
 414   4                      a++;
 415   4                  }
 416   3                  a=0;
 417   3              }
 418   2          }
 419   1      }
 420          void UartSendBytes(u8 *c)//从串口发送16字节数据
 421          {
 422   1              u8 i = 0;
 423   1              EA = 0;
 424   1              for (i=0; i<16; i++)
 425   1              {
 426   2                      SBUF = *c + '0';
 427   2                      while(!TI);
C51 COMPILER V9.01   MAIN                                                                  01/07/2019 16:31:18 PAGE 8   

 428   2                      TI = 0;
 429   2                      c++;
 430   2              }
 431   1              SBUF = '\n';
 432   1              while (!TI);
 433   1                      TI = 0;
 434   1              EA = 1;
 435   1      }
 436          
 437          
 438          void UartSendByte(u8 c) //从串口发送1字节数据
 439          {
 440   1              u8 i = 0;
 441   1              EA = 0;
 442   1      
 443   1              SBUF = c;
 444   1              while (!TI);
 445   1              TI = 0;
 446   1      
 447   1              EA = 1;
 448   1      }
 449          
 450          void SysInit(void)
 451          {
 452   1          TMOD = 0x20;                // T1设置为8位自动重装载定时器                  
 453   1          SCON = 0x40;                // 串口工作在模式1：8位UART波特率可变，且禁止接收
 454   1          TH1 = 0xE6;                 // 单片机小精灵V1.3算出的2400波特率且波特率
 455   1          TL1 = TH1;                  // 加倍时的定时器设置值。
 456   1          PCON = 0x80;                // 设置为波特率加倍
 457   1              EA = 1;                         // 开总中断
 458   1              ES = 1;                     // 开串口中断
 459   1              TR1 = 1;                    // 定时器1开启计数
 460   1      
 461   1              //gBuzzer = 0;
 462   1          PcdReset();                         //复位RC522
 463   1          PcdAntennaOff();            //关天线                
 464   1          PcdAntennaOn();             //开天线
 465   1              M500PcdConfigISOType('A');
 466   1      }
 467          void LcdDisplay()
 468          {
 469   1              LcdWriteCom(0x80+0X40);
 470   1              LcdWriteData('0'+TIME[2]/16);                           //时
 471   1              LcdWriteData('0'+(TIME[2]&0x0f));                                
 472   1              LcdWriteData('-');
 473   1              LcdWriteData('0'+TIME[1]/16);                           //分
 474   1              LcdWriteData('0'+(TIME[1]&0x0f));       
 475   1              LcdWriteData('-');
 476   1              LcdWriteData('0'+TIME[0]/16);                           //秒
 477   1              LcdWriteData('0'+(TIME[0]&0x0f));
 478   1      
 479   1              LcdWriteCom(0x80);
 480   1              LcdWriteData('2');
 481   1              LcdWriteData('0');
 482   1              LcdWriteData('0'+TIME[6]/16);                   //年
 483   1              LcdWriteData('0'+(TIME[6]&0x0f));
 484   1              LcdWriteData('-');
 485   1              LcdWriteData('0'+TIME[4]/16);                   //月
 486   1              LcdWriteData('0'+(TIME[4]&0x0f));
 487   1              LcdWriteData('-');
 488   1              LcdWriteData('0'+TIME[3]/16);                   //日
 489   1              LcdWriteData('0'+(TIME[3]&0x0f));
C51 COMPILER V9.01   MAIN                                                                  01/07/2019 16:31:18 PAGE 9   

 490   1              LcdWriteCom(0x8D);
 491   1              LcdWriteData('0'+(TIME[5]&0x07));       //星期                   
 492   1      }
 493          void relay_ON(){
 494   1      relay = 0;
 495   1      for(i=1;i<=50;i++)
 496   1         Delay10ms();
 497   1      relay = 1;
 498   1      } 


MODULE INFORMATION:   STATIC OVERLAYABLE
   CODE SIZE        =   2297    ----
   CONSTANT SIZE    =    208    ----
   XDATA SIZE       =   ----    ----
   PDATA SIZE       =    131      17
   DATA SIZE        =   ----    ----
   IDATA SIZE       =   ----    ----
   BIT SIZE         =   ----    ----
END OF MODULE INFORMATION.


C51 COMPILATION COMPLETE.  0 WARNING(S),  0 ERROR(S)
